{"combined":{"Bits Per Sample":{"value":8,"description":"8"},"Image Height":{"value":2,"description":"2px"},"Image Width":{"value":12,"description":"12px"},"Color Components":{"value":3,"description":"3"},"Subsampling":{"value":[[1,17,0],[2,17,1],[3,17,1]],"description":"YCbCr4:4:4 (1 1)"},"XResolution":{"id":282,"value":[180,1],"description":"180"},"YResolution":{"id":283,"value":[180,1],"description":"180"},"ResolutionUnit":{"id":296,"value":2,"description":"inches"},"YCbCrPositioning":{"id":531,"value":1,"description":"centered"},"Exif IFD Pointer":{"id":34665,"value":90,"description":90},"ExifVersion":{"id":36864,"value":[48,50,51,50],"description":"0232"},"DateTimeDigitized":{"id":36868,"value":["2011:06:28 12:06:14"],"description":"2011:06:28 12:06:14"},"ComponentsConfiguration":{"id":37121,"value":[1,2,3,0],"description":""},"FlashpixVersion":{"id":40960,"value":[48,49,48,48],"description":"0100"},"ColorSpace":{"id":40961,"value":65535,"description":"Uncalibrated"},"Thumbnail":{"Compression":{"id":259,"value":6,"description":6},"XResolution":{"id":282,"value":[72,1],"description":"72"},"YResolution":{"id":283,"value":[72,1],"description":"72"},"ResolutionUnit":{"id":296,"value":2,"description":"inches"},"JPEGInterchangeFormat":{"id":513,"value":270,"description":270},"JPEGInterchangeFormatLength":{"id":514,"value":849,"description":849},"type":"image/jpeg","image":"255,216,255,224,0,16,74,70,73,70,0,1,1,0,0,1,0,1,0,0,255,219,0,67,0,8,6,6,7,6,5,8,7,7,7,9,9,8,10,12,20,13,12,11,11,12,25,18,19,15,20,29,26,31,30,29,26,28,28,32,36,46,39,32,34,44,35,28,28,40,55,41,44,48,49,52,52,52,31,39,57,61,56,50,60,46,51,52,50,255,219,0,67,1,9,9,9,12,11,12,24,13,13,24,50,33,28,33,50,50,50,50,50,50,50,50,50,50,50,50,50,50,50,50,50,50,50,50,50,50,50,50,50,50,50,50,50,50,50,50,50,50,50,50,50,50,50,50,50,50,50,50,50,50,50,50,50,50,255,192,0,17,8,0,42,1,0,3,1,34,0,2,17,1,3,17,1,255,196,0,31,0,0,1,5,1,1,1,1,1,1,0,0,0,0,0,0,0,0,1,2,3,4,5,6,7,8,9,10,11,255,196,0,181,16,0,2,1,3,3,2,4,3,5,5,4,4,0,0,1,125,1,2,3,0,4,17,5,18,33,49,65,6,19,81,97,7,34,113,20,50,129,145,161,8,35,66,177,193,21,82,209,240,36,51,98,114,130,9,10,22,23,24,25,26,37,38,39,40,41,42,52,53,54,55,56,57,58,67,68,69,70,71,72,73,74,83,84,85,86,87,88,89,90,99,100,101,102,103,104,105,106,115,116,117,118,119,120,121,122,131,132,133,134,135,136,137,138,146,147,148,149,150,151,152,153,154,162,163,164,165,166,167,168,169,170,178,179,180,181,182,183,184,185,186,194,195,196,197,198,199,200,201,202,210,211,212,213,214,215,216,217,218,225,226,227,228,229,230,231,232,233,234,241,242,243,244,245,246,247,248,249,250,255,196,0,31,1,0,3,1,1,1,1,1,1,1,1,1,0,0,0,0,0,0,1,2,3,4,5,6,7,8,9,10,11,255,196,0,181,17,0,2,1,2,4,4,3,4,7,5,4,4,0,1,2,119,0,1,2,3,17,4,5,33,49,6,18,65,81,7,97,113,19,34,50,129,8,20,66,145,161,177,193,9,35,51,82,240,21,98,114,209,10,22,36,52,225,37,241,23,24,25,26,38,39,40,41,42,53,54,55,56,57,58,67,68,69,70,71,72,73,74,83,84,85,86,87,88,89,90,99,100,101,102,103,104,105,106,115,116,117,118,119,120,121,122,130,131,132,133,134,135,136,137,138,146,147,148,149,150,151,152,153,154,162,163,164,165,166,167,168,169,170,178,179,180,181,182,183,184,185,186,194,195,196,197,198,199,200,201,202,210,211,212,213,214,215,216,217,218,226,227,228,229,230,231,232,233,234,242,243,244,245,246,247,248,249,250,255,218,0,12,3,1,0,2,17,3,17,0,63,0,245,138,40,162,187,142,80,52,148,166,146,128,10,40,162,129,133,20,81,72,4,162,138,40,0,162,138,40,0,162,138,40,0,162,138,40,0,162,138,41,0,81,69,20,0,82,210,82,211,0,160,81,64,160,5,162,138,40,0,162,138,40,16,81,69,20,0,81,69,20,0,98,140,82,209,76,4,197,24,165,162,128,19,20,152,167,82,80,49,49,70,41,104,164,2,98,140,82,209,64,9,138,49,75,69,0,38,40,197,45,20,0,152,163,20,180,80,2,98,140,82,209,72,4,197,24,165,162,128,19,20,82,210,83,0,160,81,64,160,5,162,138,40,0,162,138,40,16,81,69,20,0,81,69,20,0,180,81,69,0,20,81,69,0,20,148,180,148,12,40,162,138,0,40,162,138,0,40,162,138,0,40,162,138,64,20,81,69,0,20,81,69,0,20,81,69,0,20,148,180,148,0,80,40,160,80,2,209,69,20,0,81,69,20,196,20,81,69,0,20,81,69,0,127,255,217","base64":"MjU1LDIxNiwyNTUsMjI0LDAsMTYsNzQsNzAsNzMsNzAsMCwxLDEsMCwwLDEsMCwxLDAsMCwyNTUsMjE5LDAsNjcsMCw4LDYsNiw3LDYsNSw4LDcsNyw3LDksOSw4LDEwLDEyLDIwLDEzLDEyLDExLDExLDEyLDI1LDE4LDE5LDE1LDIwLDI5LDI2LDMxLDMwLDI5LDI2LDI4LDI4LDMyLDM2LDQ2LDM5LDMyLDM0LDQ0LDM1LDI4LDI4LDQwLDU1LDQxLDQ0LDQ4LDQ5LDUyLDUyLDUyLDMxLDM5LDU3LDYxLDU2LDUwLDYwLDQ2LDUxLDUyLDUwLDI1NSwyMTksMCw2NywxLDksOSw5LDEyLDExLDEyLDI0LDEzLDEzLDI0LDUwLDMzLDI4LDMzLDUwLDUwLDUwLDUwLDUwLDUwLDUwLDUwLDUwLDUwLDUwLDUwLDUwLDUwLDUwLDUwLDUwLDUwLDUwLDUwLDUwLDUwLDUwLDUwLDUwLDUwLDUwLDUwLDUwLDUwLDUwLDUwLDUwLDUwLDUwLDUwLDUwLDUwLDUwLDUwLDUwLDUwLDUwLDUwLDUwLDUwLDUwLDUwLDUwLDUwLDI1NSwxOTIsMCwxNyw4LDAsNDIsMSwwLDMsMSwzNCwwLDIsMTcsMSwzLDE3LDEsMjU1LDE5NiwwLDMxLDAsMCwxLDUsMSwxLDEsMSwxLDEsMCwwLDAsMCwwLDAsMCwwLDEsMiwzLDQsNSw2LDcsOCw5LDEwLDExLDI1NSwxOTYsMCwxODEsMTYsMCwyLDEsMywzLDIsNCwzLDUsNSw0LDQsMCwwLDEsMTI1LDEsMiwzLDAsNCwxNyw1LDE4LDMzLDQ5LDY1LDYsMTksODEsOTcsNywzNCwxMTMsMjAsNTAsMTI5LDE0NSwxNjEsOCwzNSw2NiwxNzcsMTkzLDIxLDgyLDIwOSwyNDAsMzYsNTEsOTgsMTE0LDEzMCw5LDEwLDIyLDIzLDI0LDI1LDI2LDM3LDM4LDM5LDQwLDQxLDQyLDUyLDUzLDU0LDU1LDU2LDU3LDU4LDY3LDY4LDY5LDcwLDcxLDcyLDczLDc0LDgzLDg0LDg1LDg2LDg3LDg4LDg5LDkwLDk5LDEwMCwxMDEsMTAyLDEwMywxMDQsMTA1LDEwNiwxMTUsMTE2LDExNywxMTgsMTE5LDEyMCwxMjEsMTIyLDEzMSwxMzIsMTMzLDEzNCwxMzUsMTM2LDEzNywxMzgsMTQ2LDE0NywxNDgsMTQ5LDE1MCwxNTEsMTUyLDE1MywxNTQsMTYyLDE2MywxNjQsMTY1LDE2NiwxNjcsMTY4LDE2OSwxNzAsMTc4LDE3OSwxODAsMTgxLDE4MiwxODMsMTg0LDE4NSwxODYsMTk0LDE5NSwxOTYsMTk3LDE5OCwxOTksMjAwLDIwMSwyMDIsMjEwLDIxMSwyMTIsMjEzLDIxNCwyMTUsMjE2LDIxNywyMTgsMjI1LDIyNiwyMjcsMjI4LDIyOSwyMzAsMjMxLDIzMiwyMzMsMjM0LDI0MSwyNDIsMjQzLDI0NCwyNDUsMjQ2LDI0NywyNDgsMjQ5LDI1MCwyNTUsMTk2LDAsMzEsMSwwLDMsMSwxLDEsMSwxLDEsMSwxLDEsMCwwLDAsMCwwLDAsMSwyLDMsNCw1LDYsNyw4LDksMTAsMTEsMjU1LDE5NiwwLDE4MSwxNywwLDIsMSwyLDQsNCwzLDQsNyw1LDQsNCwwLDEsMiwxMTksMCwxLDIsMywxNyw0LDUsMzMsNDksNiwxOCw2NSw4MSw3LDk3LDExMywxOSwzNCw1MCwxMjksOCwyMCw2NiwxNDUsMTYxLDE3NywxOTMsOSwzNSw1MSw4MiwyNDAsMjEsOTgsMTE0LDIwOSwxMCwyMiwzNiw1MiwyMjUsMzcsMjQxLDIzLDI0LDI1LDI2LDM4LDM5LDQwLDQxLDQyLDUzLDU0LDU1LDU2LDU3LDU4LDY3LDY4LDY5LDcwLDcxLDcyLDczLDc0LDgzLDg0LDg1LDg2LDg3LDg4LDg5LDkwLDk5LDEwMCwxMDEsMTAyLDEwMywxMDQsMTA1LDEwNiwxMTUsMTE2LDExNywxMTgsMTE5LDEyMCwxMjEsMTIyLDEzMCwxMzEsMTMyLDEzMywxMzQsMTM1LDEzNiwxMzcsMTM4LDE0NiwxNDcsMTQ4LDE0OSwxNTAsMTUxLDE1MiwxNTMsMTU0LDE2MiwxNjMsMTY0LDE2NSwxNjYsMTY3LDE2OCwxNjksMTcwLDE3OCwxNzksMTgwLDE4MSwxODIsMTgzLDE4NCwxODUsMTg2LDE5NCwxOTUsMTk2LDE5NywxOTgsMTk5LDIwMCwyMDEsMjAyLDIxMCwyMTEsMjEyLDIxMywyMTQsMjE1LDIxNiwyMTcsMjE4LDIyNiwyMjcsMjI4LDIyOSwyMzAsMjMxLDIzMiwyMzMsMjM0LDI0MiwyNDMsMjQ0LDI0NSwyNDYsMjQ3LDI0OCwyNDksMjUwLDI1NSwyMTgsMCwxMiwzLDEsMCwyLDE3LDMsMTcsMCw2MywwLDI0NSwxMzgsNDAsMTYyLDE4NywxNDIsODAsNTIsMTQ4LDE2NiwxNDYsMTI4LDEwLDQwLDE2MiwxMjksMTMzLDIwLDgxLDcyLDQsMTYyLDEzOCw0MCwwLDE2MiwxMzgsNDAsMCwxNjIsMTM4LDQwLDAsMTYyLDEzOCw0MCwwLDE2MiwxMzgsNDEsMCw4MSw2OSwyMCwwLDgyLDIxMCw4MiwyMTEsMCwxNjAsODEsNjQsMTYwLDUsMTYyLDEzOCw0MCwwLDE2MiwxMzgsNDAsMTYsODEsNjksMjAsMCw4MSw2OSwyMCwwLDk4LDE0MCw4MiwyMDksNzYsNCwxOTcsMjQsMTY1LDE2MiwxMjgsMTksMjAsMTUyLDE2Nyw4Miw4MCw0OSw0OSw3MCw0MSwxMDQsMTY0LDIsOTgsMTQwLDgyLDIwOSw2NCw5LDEzOCw0OSw3NSw2OSwwLDM4LDQwLDE5Nyw0NSwyMCwwLDE1MiwxNjMsMjAsMTgwLDgwLDIsOTgsMTQwLDgyLDIwOSw3Miw0LDE5NywyNCwxNjUsMTYyLDEyOCwxOSwyMCw4MiwyMTAsODMsMCwxNjAsODEsNjQsMTYwLDUsMTYyLDEzOCw0MCwwLDE2MiwxMzgsNDAsMTYsODEsNjksMjAsMCw4MSw2OSwyMCwwLDE4MCw4MSw2OSwwLDIwLDgxLDY5LDAsMjAsMTQ4LDE4MCwxNDgsMTIsNDAsMTYyLDEzOCwwLDQwLDE2MiwxMzgsMCw0MCwxNjIsMTM4LDAsNDAsMTYyLDEzOCw2NCwyMCw4MSw2OSwwLDIwLDgxLDY5LDAsMjAsODEsNjksMCwyMCwxNDgsMTgwLDE0OCwwLDgwLDQwLDE2MCw4MCwyLDIwOSw2OSwyMCwwLDgxLDY5LDIwLDE5NiwyMCw4MSw2OSwwLDIwLDgxLDY5LDAsMTI3LDI1NSwyMTc="},"about":{"value":"","attributes":{},"description":""},"CreatorTool":{"value":"GIMP 2.10","attributes":{},"description":"GIMP 2.10"}},"expanded":{"file":{"Bits Per Sample":{"value":8,"description":"8"},"Image Height":{"value":2,"description":"2px"},"Image Width":{"value":12,"description":"12px"},"Color Components":{"value":3,"description":"3"},"Subsampling":{"value":[[1,17,0],[2,17,1],[3,17,1]],"description":"YCbCr4:4:4 (1 1)"}},"exif":{"XResolution":{"id":282,"value":[180,1],"description":"180"},"YResolution":{"id":283,"value":[180,1],"description":"180"},"ResolutionUnit":{"id":296,"value":2,"description":"inches"},"YCbCrPositioning":{"id":531,"value":1,"description":"centered"},"Exif IFD Pointer":{"id":34665,"value":90,"description":90},"ExifVersion":{"id":36864,"value":[48,50,51,50],"description":"0232"},"DateTimeDigitized":{"id":36868,"value":["2011:06:28 12:06:14"],"description":"2011:06:28 12:06:14"},"ComponentsConfiguration":{"id":37121,"value":[1,2,3,0],"description":""},"FlashpixVersion":{"id":40960,"value":[48,49,48,48],"description":"0100"},"ColorSpace":{"id":40961,"value":65535,"description":"Uncalibrated"}},"Thumbnail":{"Compression":{"id":259,"value":6,"description":6},"XResolution":{"id":282,"value":[72,1],"description":"72"},"YResolution":{"id":283,"value":[72,1],"description":"72"},"ResolutionUnit":{"id":296,"value":2,"description":"inches"},"JPEGInterchangeFormat":{"id":513,"value":270,"description":270},"JPEGInterchangeFormatLength":{"id":514,"value":849,"description":849},"type":"image/jpeg","image":"255,216,255,224,0,16,74,70,73,70,0,1,1,0,0,1,0,1,0,0,255,219,0,67,0,8,6,6,7,6,5,8,7,7,7,9,9,8,10,12,20,13,12,11,11,12,25,18,19,15,20,29,26,31,30,29,26,28,28,32,36,46,39,32,34,44,35,28,28,40,55,41,44,48,49,52,52,52,31,39,57,61,56,50,60,46,51,52,50,255,219,0,67,1,9,9,9,12,11,12,24,13,13,24,50,33,28,33,50,50,50,50,50,50,50,50,50,50,50,50,50,50,50,50,50,50,50,50,50,50,50,50,50,50,50,50,50,50,50,50,50,50,50,50,50,50,50,50,50,50,50,50,50,50,50,50,50,50,255,192,0,17,8,0,42,1,0,3,1,34,0,2,17,1,3,17,1,255,196,0,31,0,0,1,5,1,1,1,1,1,1,0,0,0,0,0,0,0,0,1,2,3,4,5,6,7,8,9,10,11,255,196,0,181,16,0,2,1,3,3,2,4,3,5,5,4,4,0,0,1,125,1,2,3,0,4,17,5,18,33,49,65,6,19,81,97,7,34,113,20,50,129,145,161,8,35,66,177,193,21,82,209,240,36,51,98,114,130,9,10,22,23,24,25,26,37,38,39,40,41,42,52,53,54,55,56,57,58,67,68,69,70,71,72,73,74,83,84,85,86,87,88,89,90,99,100,101,102,103,104,105,106,115,116,117,118,119,120,121,122,131,132,133,134,135,136,137,138,146,147,148,149,150,151,152,153,154,162,163,164,165,166,167,168,169,170,178,179,180,181,182,183,184,185,186,194,195,196,197,198,199,200,201,202,210,211,212,213,214,215,216,217,218,225,226,227,228,229,230,231,232,233,234,241,242,243,244,245,246,247,248,249,250,255,196,0,31,1,0,3,1,1,1,1,1,1,1,1,1,0,0,0,0,0,0,1,2,3,4,5,6,7,8,9,10,11,255,196,0,181,17,0,2,1,2,4,4,3,4,7,5,4,4,0,1,2,119,0,1,2,3,17,4,5,33,49,6,18,65,81,7,97,113,19,34,50,129,8,20,66,145,161,177,193,9,35,51,82,240,21,98,114,209,10,22,36,52,225,37,241,23,24,25,26,38,39,40,41,42,53,54,55,56,57,58,67,68,69,70,71,72,73,74,83,84,85,86,87,88,89,90,99,100,101,102,103,104,105,106,115,116,117,118,119,120,121,122,130,131,132,133,134,135,136,137,138,146,147,148,149,150,151,152,153,154,162,163,164,165,166,167,168,169,170,178,179,180,181,182,183,184,185,186,194,195,196,197,198,199,200,201,202,210,211,212,213,214,215,216,217,218,226,227,228,229,230,231,232,233,234,242,243,244,245,246,247,248,249,250,255,218,0,12,3,1,0,2,17,3,17,0,63,0,245,138,40,162,187,142,80,52,148,166,146,128,10,40,162,129,133,20,81,72,4,162,138,40,0,162,138,40,0,162,138,40,0,162,138,40,0,162,138,41,0,81,69,20,0,82,210,82,211,0,160,81,64,160,5,162,138,40,0,162,138,40,16,81,69,20,0,81,69,20,0,98,140,82,209,76,4,197,24,165,162,128,19,20,152,167,82,80,49,49,70,41,104,164,2,98,140,82,209,64,9,138,49,75,69,0,38,40,197,45,20,0,152,163,20,180,80,2,98,140,82,209,72,4,197,24,165,162,128,19,20,82,210,83,0,160,81,64,160,5,162,138,40,0,162,138,40,16,81,69,20,0,81,69,20,0,180,81,69,0,20,81,69,0,20,148,180,148,12,40,162,138,0,40,162,138,0,40,162,138,0,40,162,138,64,20,81,69,0,20,81,69,0,20,81,69,0,20,148,180,148,0,80,40,160,80,2,209,69,20,0,81,69,20,196,20,81,69,0,20,81,69,0,127,255,217","base64":"MjU1LDIxNiwyNTUsMjI0LDAsMTYsNzQsNzAsNzMsNzAsMCwxLDEsMCwwLDEsMCwxLDAsMCwyNTUsMjE5LDAsNjcsMCw4LDYsNiw3LDYsNSw4LDcsNyw3LDksOSw4LDEwLDEyLDIwLDEzLDEyLDExLDExLDEyLDI1LDE4LDE5LDE1LDIwLDI5LDI2LDMxLDMwLDI5LDI2LDI4LDI4LDMyLDM2LDQ2LDM5LDMyLDM0LDQ0LDM1LDI4LDI4LDQwLDU1LDQxLDQ0LDQ4LDQ5LDUyLDUyLDUyLDMxLDM5LDU3LDYxLDU2LDUwLDYwLDQ2LDUxLDUyLDUwLDI1NSwyMTksMCw2NywxLDksOSw5LDEyLDExLDEyLDI0LDEzLDEzLDI0LDUwLDMzLDI4LDMzLDUwLDUwLDUwLDUwLDUwLDUwLDUwLDUwLDUwLDUwLDUwLDUwLDUwLDUwLDUwLDUwLDUwLDUwLDUwLDUwLDUwLDUwLDUwLDUwLDUwLDUwLDUwLDUwLDUwLDUwLDUwLDUwLDUwLDUwLDUwLDUwLDUwLDUwLDUwLDUwLDUwLDUwLDUwLDUwLDUwLDUwLDUwLDUwLDUwLDUwLDI1NSwxOTIsMCwxNyw4LDAsNDIsMSwwLDMsMSwzNCwwLDIsMTcsMSwzLDE3LDEsMjU1LDE5NiwwLDMxLDAsMCwxLDUsMSwxLDEsMSwxLDEsMCwwLDAsMCwwLDAsMCwwLDEsMiwzLDQsNSw2LDcsOCw5LDEwLDExLDI1NSwxOTYsMCwxODEsMTYsMCwyLDEsMywzLDIsNCwzLDUsNSw0LDQsMCwwLDEsMTI1LDEsMiwzLDAsNCwxNyw1LDE4LDMzLDQ5LDY1LDYsMTksODEsOTcsNywzNCwxMTMsMjAsNTAsMTI5LDE0NSwxNjEsOCwzNSw2NiwxNzcsMTkzLDIxLDgyLDIwOSwyNDAsMzYsNTEsOTgsMTE0LDEzMCw5LDEwLDIyLDIzLDI0LDI1LDI2LDM3LDM4LDM5LDQwLDQxLDQyLDUyLDUzLDU0LDU1LDU2LDU3LDU4LDY3LDY4LDY5LDcwLDcxLDcyLDczLDc0LDgzLDg0LDg1LDg2LDg3LDg4LDg5LDkwLDk5LDEwMCwxMDEsMTAyLDEwMywxMDQsMTA1LDEwNiwxMTUsMTE2LDExNywxMTgsMTE5LDEyMCwxMjEsMTIyLDEzMSwxMzIsMTMzLDEzNCwxMzUsMTM2LDEzNywxMzgsMTQ2LDE0NywxNDgsMTQ5LDE1MCwxNTEsMTUyLDE1MywxNTQsMTYyLDE2MywxNjQsMTY1LDE2NiwxNjcsMTY4LDE2OSwxNzAsMTc4LDE3OSwxODAsMTgxLDE4MiwxODMsMTg0LDE4NSwxODYsMTk0LDE5NSwxOTYsMTk3LDE5OCwxOTksMjAwLDIwMSwyMDIsMjEwLDIxMSwyMTIsMjEzLDIxNCwyMTUsMjE2LDIxNywyMTgsMjI1LDIyNiwyMjcsMjI4LDIyOSwyMzAsMjMxLDIzMiwyMzMsMjM0LDI0MSwyNDIsMjQzLDI0NCwyNDUsMjQ2LDI0NywyNDgsMjQ5LDI1MCwyNTUsMTk2LDAsMzEsMSwwLDMsMSwxLDEsMSwxLDEsMSwxLDEsMCwwLDAsMCwwLDAsMSwyLDMsNCw1LDYsNyw4LDksMTAsMTEsMjU1LDE5NiwwLDE4MSwxNywwLDIsMSwyLDQsNCwzLDQsNyw1LDQsNCwwLDEsMiwxMTksMCwxLDIsMywxNyw0LDUsMzMsNDksNiwxOCw2NSw4MSw3LDk3LDExMywxOSwzNCw1MCwxMjksOCwyMCw2NiwxNDUsMTYxLDE3NywxOTMsOSwzNSw1MSw4MiwyNDAsMjEsOTgsMTE0LDIwOSwxMCwyMiwzNiw1MiwyMjUsMzcsMjQxLDIzLDI0LDI1LDI2LDM4LDM5LDQwLDQxLDQyLDUzLDU0LDU1LDU2LDU3LDU4LDY3LDY4LDY5LDcwLDcxLDcyLDczLDc0LDgzLDg0LDg1LDg2LDg3LDg4LDg5LDkwLDk5LDEwMCwxMDEsMTAyLDEwMywxMDQsMTA1LDEwNiwxMTUsMTE2LDExNywxMTgsMTE5LDEyMCwxMjEsMTIyLDEzMCwxMzEsMTMyLDEzMywxMzQsMTM1LDEzNiwxMzcsMTM4LDE0NiwxNDcsMTQ4LDE0OSwxNTAsMTUxLDE1MiwxNTMsMTU0LDE2MiwxNjMsMTY0LDE2NSwxNjYsMTY3LDE2OCwxNjksMTcwLDE3OCwxNzksMTgwLDE4MSwxODIsMTgzLDE4NCwxODUsMTg2LDE5NCwxOTUsMTk2LDE5NywxOTgsMTk5LDIwMCwyMDEsMjAyLDIxMCwyMTEsMjEyLDIxMywyMTQsMjE1LDIxNiwyMTcsMjE4LDIyNiwyMjcsMjI4LDIyOSwyMzAsMjMxLDIzMiwyMzMsMjM0LDI0MiwyNDMsMjQ0LDI0NSwyNDYsMjQ3LDI0OCwyNDksMjUwLDI1NSwyMTgsMCwxMiwzLDEsMCwyLDE3LDMsMTcsMCw2MywwLDI0NSwxMzgsNDAsMTYyLDE4NywxNDIsODAsNTIsMTQ4LDE2NiwxNDYsMTI4LDEwLDQwLDE2MiwxMjksMTMzLDIwLDgxLDcyLDQsMTYyLDEzOCw0MCwwLDE2MiwxMzgsNDAsMCwxNjIsMTM4LDQwLDAsMTYyLDEzOCw0MCwwLDE2MiwxMzgsNDEsMCw4MSw2OSwyMCwwLDgyLDIxMCw4MiwyMTEsMCwxNjAsODEsNjQsMTYwLDUsMTYyLDEzOCw0MCwwLDE2MiwxMzgsNDAsMTYsODEsNjksMjAsMCw4MSw2OSwyMCwwLDk4LDE0MCw4MiwyMDksNzYsNCwxOTcsMjQsMTY1LDE2MiwxMjgsMTksMjAsMTUyLDE2Nyw4Miw4MCw0OSw0OSw3MCw0MSwxMDQsMTY0LDIsOTgsMTQwLDgyLDIwOSw2NCw5LDEzOCw0OSw3NSw2OSwwLDM4LDQwLDE5Nyw0NSwyMCwwLDE1MiwxNjMsMjAsMTgwLDgwLDIsOTgsMTQwLDgyLDIwOSw3Miw0LDE5NywyNCwxNjUsMTYyLDEyOCwxOSwyMCw4MiwyMTAsODMsMCwxNjAsODEsNjQsMTYwLDUsMTYyLDEzOCw0MCwwLDE2MiwxMzgsNDAsMTYsODEsNjksMjAsMCw4MSw2OSwyMCwwLDE4MCw4MSw2OSwwLDIwLDgxLDY5LDAsMjAsMTQ4LDE4MCwxNDgsMTIsNDAsMTYyLDEzOCwwLDQwLDE2MiwxMzgsMCw0MCwxNjIsMTM4LDAsNDAsMTYyLDEzOCw2NCwyMCw4MSw2OSwwLDIwLDgxLDY5LDAsMjAsODEsNjksMCwyMCwxNDgsMTgwLDE0OCwwLDgwLDQwLDE2MCw4MCwyLDIwOSw2OSwyMCwwLDgxLDY5LDIwLDE5NiwyMCw4MSw2OSwwLDIwLDgxLDY5LDAsMTI3LDI1NSwyMTc="},"xmp":{"about":{"value":"","attributes":{},"description":""},"CreatorTool":{"value":"GIMP 2.10","attributes":{},"description":"GIMP 2.10"}}}}