{"combined":{"FileType":{"value":"heic","description":"HEIC"}},"expanded":{"file":{"FileType":{"value":"heic","description":"HEIC"}}}}