{"combined":{"undefined-256":{"id":256,"value":50,"description":50},"undefined-257":{"id":257,"value":50,"description":50},"undefined-258":{"id":258,"value":"8, 8, 8","description":"8, 8, 8"},"undefined-259":{"id":259,"value":1,"description":1},"undefined-262":{"id":262,"value":2,"description":2},"undefined-266":{"id":266,"value":1,"description":1},"undefined-273":{"id":273,"value":8546,"description":8546},"undefined-274":{"id":274,"value":1,"description":1},"undefined-277":{"id":277,"value":3,"description":3},"undefined-278":{"id":278,"value":50,"description":50},"undefined-279":{"id":279,"value":7500,"description":7500},"undefined-282":{"id":282,"value":"72, 1","description":"72, 1"},"undefined-283":{"id":283,"value":"72, 1","description":"72, 1"},"undefined-284":{"id":284,"value":1,"description":1},"undefined-296":{"id":296,"value":2,"description":2},"undefined-297":{"id":297,"value":"0, 1","description":"0, 1"},"undefined-318":{"id":318,"value":"1343036287,4294967295, 1413044223,4294967295","description":"1343036287,4294967295, 1413044223,4294967295"},"undefined-319":{"id":319,"value":"2748779007,4294967295, 1417339263,4294967295, 1288490239,4294967295, 2576980479,4294967295, 644245119,4294967295, 257698031,4294967295","description":"2748779007,4294967295, 1417339263,4294967295, 1288490239,4294967295, 2576980479,4294967295, 644245119,4294967295, 257698031,4294967295"},"ApplicationNotes":{"id":700,"value":"ao/74bOXi/k6Sm78o4YgW2BTa0Q=","description":"MvZaRbZmP//TXGXqtJSJhDXautI="},"IPTC-NAA":{"id":33723,"value":"28, 2, 55, 0, 8, 50, 48, 50, 48, 48, 52, 48, 56, 28, 2, 0, 0, 2, 0, 4","description":"28, 2, 55, 0, 8, 50, 48, 50, 48, 48, 52, 48, 56, 28, 2, 0, 0, 2, 0, 4"},"undefined-34377":{"id":34377,"value":"3C9z3Dvdf5xDg87VR+fdRe8a5y4=","description":"3C9z3Dvdf5xDg87VR+fdRe8a5y4="},"undefined-567":{"id":567,"value":"50, 48, 50, 48, 48, 52, 48, 56","description":"50, 48, 50, 48, 48, 52, 48, 56"},"undefined-512":{"id":512,"value":"0, 4","description":"0, 4"}},"expanded":{"exif":{"undefined-256":{"id":256,"value":50,"description":50},"undefined-257":{"id":257,"value":50,"description":50},"undefined-258":{"id":258,"value":"8, 8, 8","description":"8, 8, 8"},"undefined-259":{"id":259,"value":1,"description":1},"undefined-262":{"id":262,"value":2,"description":2},"undefined-266":{"id":266,"value":1,"description":1},"undefined-273":{"id":273,"value":8546,"description":8546},"undefined-274":{"id":274,"value":1,"description":1},"undefined-277":{"id":277,"value":3,"description":3},"undefined-278":{"id":278,"value":50,"description":50},"undefined-279":{"id":279,"value":7500,"description":7500},"undefined-282":{"id":282,"value":"72, 1","description":"72, 1"},"undefined-283":{"id":283,"value":"72, 1","description":"72, 1"},"undefined-284":{"id":284,"value":1,"description":1},"undefined-296":{"id":296,"value":2,"description":2},"undefined-297":{"id":297,"value":"0, 1","description":"0, 1"},"undefined-318":{"id":318,"value":"1343036287,4294967295, 1413044223,4294967295","description":"1343036287,4294967295, 1413044223,4294967295"},"undefined-319":{"id":319,"value":"2748779007,4294967295, 1417339263,4294967295, 1288490239,4294967295, 2576980479,4294967295, 644245119,4294967295, 257698031,4294967295","description":"2748779007,4294967295, 1417339263,4294967295, 1288490239,4294967295, 2576980479,4294967295, 644245119,4294967295, 257698031,4294967295"},"ApplicationNotes":{"id":700,"value":"ao/74bOXi/k6Sm78o4YgW2BTa0Q=","description":"MvZaRbZmP//TXGXqtJSJhDXautI="},"IPTC-NAA":{"id":33723,"value":"28, 2, 55, 0, 8, 50, 48, 50, 48, 48, 52, 48, 56, 28, 2, 0, 0, 2, 0, 4","description":"28, 2, 55, 0, 8, 50, 48, 50, 48, 48, 52, 48, 56, 28, 2, 0, 0, 2, 0, 4"},"undefined-34377":{"id":34377,"value":"3C9z3Dvdf5xDg87VR+fdRe8a5y4=","description":"3C9z3Dvdf5xDg87VR+fdRe8a5y4="}},"iptc":{"undefined-567":{"id":567,"value":"50, 48, 50, 48, 48, 52, 48, 56","description":"50, 48, 50, 48, 48, 52, 48, 56"},"undefined-512":{"id":512,"value":"0, 4","description":"0, 4"}}}}