{"combined":{"Thumbnail":{"undefined-259":{"id":259,"value":6,"description":6},"undefined-282":{"id":282,"value":[72,1],"description":[72,1]},"undefined-283":{"id":283,"value":[72,1],"description":[72,1]},"undefined-296":{"id":296,"value":2,"description":2},"undefined-513":{"id":513,"value":274,"description":274},"undefined-514":{"id":514,"value":1212,"description":1212}},"undefined-282":{"id":282,"value":"72, 1","description":"72, 1"},"undefined-283":{"id":283,"value":"72, 1","description":"72, 1"},"undefined-296":{"id":296,"value":2,"description":2},"undefined-531":{"id":531,"value":1,"description":1},"Exif IFD Pointer":{"id":34665,"value":90,"description":90},"undefined-36864":{"id":36864,"value":"48, 50, 51, 50","description":"48, 50, 51, 50"},"ComponentsConfiguration":{"id":37121,"value":"1, 2, 3, 0","description":""},"undefined-40960":{"id":40960,"value":"48, 49, 48, 48","description":"48, 49, 48, 48"},"undefined-40961":{"id":40961,"value":65535,"description":65535},"undefined-42036":{"id":42036,"value":"EF24-105mm f/4L IS USM","description":"EF24-105mm f/4L IS USM"},"undefined-604":{"id":604,"value":"77, 121, 32, 83, 117, 98, 108, 111, 99, 97, 116, 105, 111, 110","description":"77, 121, 32, 83, 117, 98, 108, 111, 99, 97, 116, 105, 111, 110"},"undefined-512":{"id":512,"value":"0, 4","description":"0, 4"}},"expanded":{"Thumbnail":{"undefined-259":{"id":259,"value":6,"description":6},"undefined-282":{"id":282,"value":[72,1],"description":[72,1]},"undefined-283":{"id":283,"value":[72,1],"description":[72,1]},"undefined-296":{"id":296,"value":2,"description":2},"undefined-513":{"id":513,"value":274,"description":274},"undefined-514":{"id":514,"value":1212,"description":1212}},"exif":{"undefined-282":{"id":282,"value":"72, 1","description":"72, 1"},"undefined-283":{"id":283,"value":"72, 1","description":"72, 1"},"undefined-296":{"id":296,"value":2,"description":2},"undefined-531":{"id":531,"value":1,"description":1},"Exif IFD Pointer":{"id":34665,"value":90,"description":90},"undefined-36864":{"id":36864,"value":"48, 50, 51, 50","description":"48, 50, 51, 50"},"ComponentsConfiguration":{"id":37121,"value":"1, 2, 3, 0","description":""},"undefined-40960":{"id":40960,"value":"48, 49, 48, 48","description":"48, 49, 48, 48"},"undefined-40961":{"id":40961,"value":65535,"description":65535},"undefined-42036":{"id":42036,"value":"EF24-105mm f/4L IS USM","description":"EF24-105mm f/4L IS USM"}},"iptc":{"undefined-604":{"id":604,"value":"77, 121, 32, 83, 117, 98, 108, 111, 99, 97, 116, 105, 111, 110","description":"77, 121, 32, 83, 117, 98, 108, 111, 99, 97, 116, 105, 111, 110"},"undefined-512":{"id":512,"value":"0, 4","description":"0, 4"}}}}