{"combined":{"XResolution":{"id":282,"value":"72, 1","description":"72"},"YResolution":{"id":283,"value":"72, 1","description":"72"},"ResolutionUnit":{"id":296,"value":2,"description":"inches"},"YCbCrPositioning":{"id":531,"value":1,"description":"centered"},"Exif IFD Pointer":{"id":34665,"value":90,"description":90},"ExifVersion":{"id":36864,"value":"48, 50, 51, 50","description":"0232"},"ComponentsConfiguration":{"id":37121,"value":"1, 2, 3, 0","description":""},"FlashpixVersion":{"id":40960,"value":"48, 49, 48, 48","description":"0100"},"ColorSpace":{"id":40961,"value":65535,"description":"Uncalibrated"},"LensModel":{"id":42036,"value":"iPhone 7 back camera 3.99mm f/1.8","description":"iPhone 7 back camera 3.99mm f/1.8"},"Preferred CMM type":{"value":"appl","description":"Apple"},"Profile Version":{"value":"4.0.0","description":"4.0.0"},"Profile/Device class":{"value":"mntr","description":"Display Device profile"},"Color Space":{"value":"RGB ","description":"RGB "},"Connection Space":{"value":"XYZ ","description":"XYZ "},"ICC Profile Date":{"value":"2017-07-07T13:22:32.000Z","description":"2017-07-07T13:22:32.000Z"},"ICC Signature":{"value":"acsp","description":"acsp"},"Primary Platform":{"value":"APPL","description":"Apple"},"Device Manufacturer":{"value":"APPL","description":"Apple"},"Device Model Number":{"value":"\u0000\u0000\u0000\u0000","description":"\u0000\u0000\u0000\u0000"},"Rendering Intent":{"value":0,"description":"Perceptual"},"Profile Creator":{"value":"appl","description":"appl"},"ICC Description":{"value":"Display P3","description":"Display P3"},"ICC Copyright":{"value":"Copyright Apple Inc.","description":"Copyright Apple Inc."}},"expanded":{"exif":{"XResolution":{"id":282,"value":"72, 1","description":"72"},"YResolution":{"id":283,"value":"72, 1","description":"72"},"ResolutionUnit":{"id":296,"value":2,"description":"inches"},"YCbCrPositioning":{"id":531,"value":1,"description":"centered"},"Exif IFD Pointer":{"id":34665,"value":90,"description":90},"ExifVersion":{"id":36864,"value":"48, 50, 51, 50","description":"0232"},"ComponentsConfiguration":{"id":37121,"value":"1, 2, 3, 0","description":""},"FlashpixVersion":{"id":40960,"value":"48, 49, 48, 48","description":"0100"},"ColorSpace":{"id":40961,"value":65535,"description":"Uncalibrated"},"LensModel":{"id":42036,"value":"iPhone 7 back camera 3.99mm f/1.8","description":"iPhone 7 back camera 3.99mm f/1.8"}},"icc":{"Preferred CMM type":{"value":"appl","description":"Apple"},"Profile Version":{"value":"4.0.0","description":"4.0.0"},"Profile/Device class":{"value":"mntr","description":"Display Device profile"},"Color Space":{"value":"RGB ","description":"RGB "},"Connection Space":{"value":"XYZ ","description":"XYZ "},"ICC Profile Date":{"value":"2017-07-07T13:22:32.000Z","description":"2017-07-07T13:22:32.000Z"},"ICC Signature":{"value":"acsp","description":"acsp"},"Primary Platform":{"value":"APPL","description":"Apple"},"Device Manufacturer":{"value":"APPL","description":"Apple"},"Device Model Number":{"value":"\u0000\u0000\u0000\u0000","description":"\u0000\u0000\u0000\u0000"},"Rendering Intent":{"value":0,"description":"Perceptual"},"Profile Creator":{"value":"appl","description":"appl"},"ICC Description":{"value":"Display P3","description":"Display P3"},"ICC Copyright":{"value":"Copyright Apple Inc.","description":"Copyright Apple Inc."}}}}