{"combined":{"GIF Version":{"value":"89a","description":"89a"},"Image Width":{"value":50,"description":"50px"},"Image Height":{"value":50,"description":"50px"},"Global Color Map":{"value":1,"description":"Yes"},"Bits Per Pixel":{"value":1,"description":"1 bit"},"Color Resolution Depth":{"value":1,"description":"1 bit"},"FileType":{"value":"gif","description":"GIF"}},"expanded":{"gif":{"GIF Version":{"value":"89a","description":"89a"},"Image Width":{"value":50,"description":"50px"},"Image Height":{"value":50,"description":"50px"},"Global Color Map":{"value":1,"description":"Yes"},"Bits Per Pixel":{"value":1,"description":"1 bit"},"Color Resolution Depth":{"value":1,"description":"1 bit"}},"file":{"FileType":{"value":"gif","description":"GIF"}}}}