{"combined":{"ImageWidth":{"id":256,"value":50,"description":50},"ImageLength":{"id":257,"value":50,"description":50},"BitsPerSample":{"id":258,"value":"8, 8, 8","description":"8, 8, 8"},"Compression":{"id":259,"value":1,"description":1},"PhotometricInterpretation":{"id":262,"value":2,"description":2},"FillOrder":{"id":266,"value":1,"description":"Normal"},"StripOffsets":{"id":273,"value":8546,"description":8546},"Orientation":{"id":274,"value":1,"description":"top-left"},"SamplesPerPixel":{"id":277,"value":3,"description":3},"RowsPerStrip":{"id":278,"value":50,"description":50},"StripByteCounts":{"id":279,"value":7500,"description":7500},"XResolution":{"id":282,"value":"72, 1","description":"72"},"YResolution":{"id":283,"value":"72, 1","description":"72"},"PlanarConfiguration":{"id":284,"value":1,"description":1},"ResolutionUnit":{"id":296,"value":2,"description":"inches"},"PageNumber":{"id":297,"value":"0, 1","description":"0, 1"},"WhitePoint":{"id":318,"value":"1343036287,4294967295, 1413044223,4294967295","description":"1343036287/4294967295, 1413044223/4294967295"},"PrimaryChromaticities":{"id":319,"value":"2748779007,4294967295, 1417339263,4294967295, 1288490239,4294967295, 2576980479,4294967295, 644245119,4294967295, 257698031,4294967295","description":"2748779007/4294967295, 1417339263/4294967295, 1288490239/4294967295, 2576980479/4294967295, 644245119/4294967295, 257698031/4294967295"},"ApplicationNotes":{"id":700,"value":"ao/74bOXi/k6Sm78o4YgW2BTa0Q=","description":"MvZaRbZmP//TXGXqtJSJhDXautI="},"IPTC-NAA":{"id":33723,"value":"28, 2, 55, 0, 8, 50, 48, 50, 48, 48, 52, 48, 56, 28, 2, 0, 0, 2, 0, 4","description":"28, 2, 55, 0, 8, 50, 48, 50, 48, 48, 52, 48, 56, 28, 2, 0, 0, 2, 0, 4"},"PhotoshopSettings":{"id":34377,"value":"3C9z3Dvdf5xDg87VR+fdRe8a5y4=","description":"tcytCSGvHZJICZ/yP24+5xXv9QI="},"about":{"value":"","attributes":{},"description":""},"subject":{"value":"2ZGiYl7wqXWUVIWqMokCGU1g8Pc=","attributes":{},"description":"My Keyword 1, Another Keyword, A third keyword"}},"expanded":{"exif":{"ImageWidth":{"id":256,"value":50,"description":50},"ImageLength":{"id":257,"value":50,"description":50},"BitsPerSample":{"id":258,"value":"8, 8, 8","description":"8, 8, 8"},"Compression":{"id":259,"value":1,"description":1},"PhotometricInterpretation":{"id":262,"value":2,"description":2},"FillOrder":{"id":266,"value":1,"description":"Normal"},"StripOffsets":{"id":273,"value":8546,"description":8546},"Orientation":{"id":274,"value":1,"description":"top-left"},"SamplesPerPixel":{"id":277,"value":3,"description":3},"RowsPerStrip":{"id":278,"value":50,"description":50},"StripByteCounts":{"id":279,"value":7500,"description":7500},"XResolution":{"id":282,"value":"72, 1","description":"72"},"YResolution":{"id":283,"value":"72, 1","description":"72"},"PlanarConfiguration":{"id":284,"value":1,"description":1},"ResolutionUnit":{"id":296,"value":2,"description":"inches"},"PageNumber":{"id":297,"value":"0, 1","description":"0, 1"},"WhitePoint":{"id":318,"value":"1343036287,4294967295, 1413044223,4294967295","description":"1343036287/4294967295, 1413044223/4294967295"},"PrimaryChromaticities":{"id":319,"value":"2748779007,4294967295, 1417339263,4294967295, 1288490239,4294967295, 2576980479,4294967295, 644245119,4294967295, 257698031,4294967295","description":"2748779007/4294967295, 1417339263/4294967295, 1288490239/4294967295, 2576980479/4294967295, 644245119/4294967295, 257698031/4294967295"},"ApplicationNotes":{"id":700,"value":"ao/74bOXi/k6Sm78o4YgW2BTa0Q=","description":"MvZaRbZmP//TXGXqtJSJhDXautI="},"IPTC-NAA":{"id":33723,"value":"28, 2, 55, 0, 8, 50, 48, 50, 48, 48, 52, 48, 56, 28, 2, 0, 0, 2, 0, 4","description":"28, 2, 55, 0, 8, 50, 48, 50, 48, 48, 52, 48, 56, 28, 2, 0, 0, 2, 0, 4"},"PhotoshopSettings":{"id":34377,"value":"3C9z3Dvdf5xDg87VR+fdRe8a5y4=","description":"tcytCSGvHZJICZ/yP24+5xXv9QI="}},"xmp":{"about":{"value":"","attributes":{},"description":""},"subject":{"value":"2ZGiYl7wqXWUVIWqMokCGU1g8Pc=","attributes":{},"description":"My Keyword 1, Another Keyword, A third keyword"}}}}