{"combined":{"Thumbnail":{"Compression":{"id":259,"value":6,"description":6},"XResolution":{"id":282,"value":[72,1],"description":"72"},"YResolution":{"id":283,"value":[72,1],"description":"72"},"ResolutionUnit":{"id":296,"value":2,"description":"inches"},"JPEGInterchangeFormat":{"id":513,"value":270,"description":270},"JPEGInterchangeFormatLength":{"id":514,"value":849,"description":849},"type":"image/jpeg","image":"OU0KQ56oCpnIjQn6L0l9iqg+xVQ=","base64":"T1UwS1E1Nm9DcG5JalFuNkwwbDlpcWcreFZRPQ=="},"XResolution":{"id":282,"value":"180, 1","description":"180"},"YResolution":{"id":283,"value":"180, 1","description":"180"},"ResolutionUnit":{"id":296,"value":2,"description":"inches"},"YCbCrPositioning":{"id":531,"value":1,"description":"centered"},"Exif IFD Pointer":{"id":34665,"value":90,"description":90},"ExifVersion":{"id":36864,"value":"48, 50, 51, 50","description":"0232"},"DateTimeDigitized":{"id":36868,"value":"2011:06:28 12:06:14","description":"2011:06:28 12:06:14"},"ComponentsConfiguration":{"id":37121,"value":"1, 2, 3, 0","description":""},"FlashpixVersion":{"id":40960,"value":"48, 49, 48, 48","description":"0100"},"ColorSpace":{"id":40961,"value":65535,"description":"Uncalibrated"}},"expanded":{"Thumbnail":{"Compression":{"id":259,"value":6,"description":6},"XResolution":{"id":282,"value":[72,1],"description":"72"},"YResolution":{"id":283,"value":[72,1],"description":"72"},"ResolutionUnit":{"id":296,"value":2,"description":"inches"},"JPEGInterchangeFormat":{"id":513,"value":270,"description":270},"JPEGInterchangeFormatLength":{"id":514,"value":849,"description":849},"type":"image/jpeg","image":"OU0KQ56oCpnIjQn6L0l9iqg+xVQ=","base64":"T1UwS1E1Nm9DcG5JalFuNkwwbDlpcWcreFZRPQ=="},"exif":{"XResolution":{"id":282,"value":"180, 1","description":"180"},"YResolution":{"id":283,"value":"180, 1","description":"180"},"ResolutionUnit":{"id":296,"value":2,"description":"inches"},"YCbCrPositioning":{"id":531,"value":1,"description":"centered"},"Exif IFD Pointer":{"id":34665,"value":90,"description":90},"ExifVersion":{"id":36864,"value":"48, 50, 51, 50","description":"0232"},"DateTimeDigitized":{"id":36868,"value":"2011:06:28 12:06:14","description":"2011:06:28 12:06:14"},"ComponentsConfiguration":{"id":37121,"value":"1, 2, 3, 0","description":""},"FlashpixVersion":{"id":40960,"value":"48, 49, 48, 48","description":"0100"},"ColorSpace":{"id":40961,"value":65535,"description":"Uncalibrated"}}}}