{"combined":{"about":{"value":"","attributes":{},"description":""},"format":{"value":"image/png","attributes":{},"description":"image/png"},"Image Width":{"value":14,"description":"14px"},"Image Height":{"value":12,"description":"12px"},"Bit Depth":{"value":8,"description":"8"},"Color Type":{"value":6,"description":"RGB with Alpha"},"Compression":{"value":0,"description":"Deflate/Inflate"},"Filter":{"value":0,"description":"Adaptive"},"Interlace":{"value":0,"description":"Noninterlaced"}},"expanded":{"xmp":{"_raw":"<?xpacket begin='ï»¿' id='W5M0MpCehiHzreSzNTczkc9d'?>\n<x:xmpmeta xmlns:x='adobe:ns:meta/' x:xmptk='Image::ExifTool 11.65'>\n<rdf:RDF xmlns:rdf='http://www.w3.org/1999/02/22-rdf-syntax-ns#'>\n\n <rdf:Description rdf:about=''\n  xmlns:dc='http://purl.org/dc/elements/1.1/'>\n  <dc:format>image/png</dc:format>\n </rdf:Description>\n</rdf:RDF>\n</x:xmpmeta>\n<?xpacket end='r'?>","about":{"value":"","attributes":{},"description":""},"format":{"value":"image/png","attributes":{},"description":"image/png"}},"pngFile":{"Image Width":{"value":14,"description":"14px"},"Image Height":{"value":12,"description":"12px"},"Bit Depth":{"value":8,"description":"8"},"Color Type":{"value":6,"description":"RGB with Alpha"},"Compression":{"value":0,"description":"Deflate/Inflate"},"Filter":{"value":0,"description":"Adaptive"},"Interlace":{"value":0,"description":"Noninterlaced"}}}}