{"combined":{"about":{"value":"","attributes":{},"description":""},"format":{"value":"image/png","attributes":{},"description":"image/png"}},"expanded":{"xmp":{"_raw":"<?xpacket begin='ï»¿' id='W5M0MpCehiHzreSzNTczkc9d'?>\n<x:xmpmeta xmlns:x='adobe:ns:meta/' x:xmptk='Image::ExifTool 11.65'>\n<rdf:RDF xmlns:rdf='http://www.w3.org/1999/02/22-rdf-syntax-ns#'>\n\n <rdf:Description rdf:about=''\n  xmlns:dc='http://purl.org/dc/elements/1.1/'>\n  <dc:format>image/png</dc:format>\n </rdf:Description>\n</rdf:RDF>\n</x:xmpmeta>\n<?xpacket end='r'?>","about":{"value":"","attributes":{},"description":""},"format":{"value":"image/png","attributes":{},"description":"image/png"}}}}