{"combined":{"about":{"value":"","attributes":{},"description":""},"format":{"value":"image/png","attributes":{},"description":"image/png"}},"expanded":{"xmp":{"about":{"value":"","attributes":{},"description":""},"format":{"value":"image/png","attributes":{},"description":"image/png"}}}}