{"combined":{"undefined-282":{"id":282,"value":[180,1],"description":[180,1]},"undefined-283":{"id":283,"value":[180,1],"description":[180,1]},"undefined-296":{"id":296,"value":2,"description":2},"undefined-531":{"id":531,"value":1,"description":1},"Exif IFD Pointer":{"id":34665,"value":90,"description":90},"undefined-36864":{"id":36864,"value":[48,50,51,50],"description":[48,50,51,50]},"undefined-36868":{"id":36868,"value":["2011:06:28 12:06:14"],"description":["2011:06:28 12:06:14"]},"ComponentsConfiguration":{"id":37121,"value":[1,2,3,0],"description":""},"undefined-40960":{"id":40960,"value":[48,49,48,48],"description":[48,49,48,48]},"undefined-40961":{"id":40961,"value":65535,"description":65535},"Thumbnail":{"undefined-259":{"id":259,"value":6,"description":6},"undefined-282":{"id":282,"value":[72,1],"description":[72,1]},"undefined-283":{"id":283,"value":[72,1],"description":[72,1]},"undefined-296":{"id":296,"value":2,"description":2},"undefined-513":{"id":513,"value":270,"description":270},"undefined-514":{"id":514,"value":849,"description":849}}},"expanded":{"exif":{"undefined-282":{"id":282,"value":[180,1],"description":[180,1]},"undefined-283":{"id":283,"value":[180,1],"description":[180,1]},"undefined-296":{"id":296,"value":2,"description":2},"undefined-531":{"id":531,"value":1,"description":1},"Exif IFD Pointer":{"id":34665,"value":90,"description":90},"undefined-36864":{"id":36864,"value":[48,50,51,50],"description":[48,50,51,50]},"undefined-36868":{"id":36868,"value":["2011:06:28 12:06:14"],"description":["2011:06:28 12:06:14"]},"ComponentsConfiguration":{"id":37121,"value":[1,2,3,0],"description":""},"undefined-40960":{"id":40960,"value":[48,49,48,48],"description":[48,49,48,48]},"undefined-40961":{"id":40961,"value":65535,"description":65535}},"Thumbnail":{"undefined-259":{"id":259,"value":6,"description":6},"undefined-282":{"id":282,"value":[72,1],"description":[72,1]},"undefined-283":{"id":283,"value":[72,1],"description":[72,1]},"undefined-296":{"id":296,"value":2,"description":2},"undefined-513":{"id":513,"value":270,"description":270},"undefined-514":{"id":514,"value":849,"description":849}}}}