{"combined":{"XResolution":{"id":282,"value":"72, 1","description":"72"},"YResolution":{"id":283,"value":"72, 1","description":"72"},"ResolutionUnit":{"id":296,"value":2,"description":"inches"},"YCbCrPositioning":{"id":531,"value":1,"description":"centered"},"Exif IFD Pointer":{"id":34665,"value":90,"description":90},"ExifVersion":{"id":36864,"value":"48, 50, 51, 50","description":"0232"},"ComponentsConfiguration":{"id":37121,"value":"1, 2, 3, 0","description":""},"FlashpixVersion":{"id":40960,"value":"48, 49, 48, 48","description":"0100"},"ColorSpace":{"id":40961,"value":65535,"description":"Uncalibrated"},"LensModel":{"id":42036,"value":"iPhone 7 back camera 3.99mm f/1.8","description":"iPhone 7 back camera 3.99mm f/1.8"}},"expanded":{"exif":{"XResolution":{"id":282,"value":"72, 1","description":"72"},"YResolution":{"id":283,"value":"72, 1","description":"72"},"ResolutionUnit":{"id":296,"value":2,"description":"inches"},"YCbCrPositioning":{"id":531,"value":1,"description":"centered"},"Exif IFD Pointer":{"id":34665,"value":90,"description":90},"ExifVersion":{"id":36864,"value":"48, 50, 51, 50","description":"0232"},"ComponentsConfiguration":{"id":37121,"value":"1, 2, 3, 0","description":""},"FlashpixVersion":{"id":40960,"value":"48, 49, 48, 48","description":"0100"},"ColorSpace":{"id":40961,"value":65535,"description":"Uncalibrated"},"LensModel":{"id":42036,"value":"iPhone 7 back camera 3.99mm f/1.8","description":"iPhone 7 back camera 3.99mm f/1.8"}}}}