{"combined":{"XResolution":{"id":282,"value":[180,1],"description":"180"},"YResolution":{"id":283,"value":[180,1],"description":"180"},"ResolutionUnit":{"id":296,"value":2,"description":"inches"},"YCbCrPositioning":{"id":531,"value":1,"description":"centered"},"Exif IFD Pointer":{"id":34665,"value":90,"description":90},"ExifVersion":{"id":36864,"value":[48,50,51,50],"description":"0232"},"DateTimeDigitized":{"id":36868,"value":["2011:06:28 12:06:14"],"description":"2011:06:28 12:06:14"},"ComponentsConfiguration":{"id":37121,"value":[1,2,3,0],"description":""},"FlashpixVersion":{"id":40960,"value":[48,49,48,48],"description":"0100"},"ColorSpace":{"id":40961,"value":65535,"description":"Uncalibrated"},"about":{"value":"","attributes":{},"description":""},"CreatorTool":{"value":"GIMP 2.10","attributes":{},"description":"GIMP 2.10"},"FileType":{"value":"avif","description":"AVIF"}},"expanded":{"exif":{"XResolution":{"id":282,"value":[180,1],"description":"180"},"YResolution":{"id":283,"value":[180,1],"description":"180"},"ResolutionUnit":{"id":296,"value":2,"description":"inches"},"YCbCrPositioning":{"id":531,"value":1,"description":"centered"},"Exif IFD Pointer":{"id":34665,"value":90,"description":90},"ExifVersion":{"id":36864,"value":[48,50,51,50],"description":"0232"},"DateTimeDigitized":{"id":36868,"value":["2011:06:28 12:06:14"],"description":"2011:06:28 12:06:14"},"ComponentsConfiguration":{"id":37121,"value":[1,2,3,0],"description":""},"FlashpixVersion":{"id":40960,"value":[48,49,48,48],"description":"0100"},"ColorSpace":{"id":40961,"value":65535,"description":"Uncalibrated"}},"xmp":{"_raw":"<?xpacket begin='ï»¿' id='W5M0MpCehiHzreSzNTczkc9d'?>\n<x:xmpmeta xmlns:x='adobe:ns:meta/' x:xmptk='Image::ExifTool 12.65'>\n<rdf:RDF xmlns:rdf='http://www.w3.org/1999/02/22-rdf-syntax-ns#'>\n\n <rdf:Description rdf:about=''\n  xmlns:xmp='http://ns.adobe.com/xap/1.0/'>\n  <xmp:CreatorTool>GIMP 2.10</xmp:CreatorTool>\n </rdf:Description>\n</rdf:RDF>\n</x:xmpmeta>\n                                                                                                    \n                                                                                                    \n                                                                                                    \n                                                                                                    \n                                                                                                    \n                                                                                                    \n                                                                                                    \n                                                                                                    \n                                                                                                    \n                                                                                                    \n                                                                                                    \n                                                                                                    \n                                                                                                    \n                                                                                                    \n                                                                                                    \n                                                                                                    \n                                                                                                    \n                                                                                                    \n                                                                                                    \n                                                                                                    \n                                                                                                    \n                                                                                                    \n                                                                                                    \n                                                                                                    \n<?xpacket end='w'?>","about":{"value":"","attributes":{},"description":""},"CreatorTool":{"value":"GIMP 2.10","attributes":{},"description":"GIMP 2.10"}},"file":{"FileType":{"value":"avif","description":"AVIF"}}}}