{"combined":{"Thumbnail":{"Compression":{"id":259,"value":6,"description":6},"XResolution":{"id":282,"value":[72,1],"description":"72"},"YResolution":{"id":283,"value":[72,1],"description":"72"},"ResolutionUnit":{"id":296,"value":2,"description":"inches"},"JPEGInterchangeFormat":{"id":513,"value":274,"description":274},"JPEGInterchangeFormatLength":{"id":514,"value":1212,"description":1212},"type":"image/jpeg","image":"ehGABOn4oHcqOdsRmvWxp6Ma7Zg=","base64":"ZWhHQUJPbjRvSGNxT2RzUm12V3hwNk1hN1pnPQ=="},"XResolution":{"id":282,"value":"72, 1","description":"72"},"YResolution":{"id":283,"value":"72, 1","description":"72"},"ResolutionUnit":{"id":296,"value":2,"description":"inches"},"YCbCrPositioning":{"id":531,"value":1,"description":"centered"},"Exif IFD Pointer":{"id":34665,"value":90,"description":90},"ExifVersion":{"id":36864,"value":"48, 50, 51, 50","description":"0232"},"ComponentsConfiguration":{"id":37121,"value":"1, 2, 3, 0","description":""},"FlashpixVersion":{"id":40960,"value":"48, 49, 48, 48","description":"0100"},"ColorSpace":{"id":40961,"value":65535,"description":"Uncalibrated"},"LensModel":{"id":42036,"value":"EF24-105mm f/4L IS USM","description":"EF24-105mm f/4L IS USM"}},"expanded":{"Thumbnail":{"Compression":{"id":259,"value":6,"description":6},"XResolution":{"id":282,"value":[72,1],"description":"72"},"YResolution":{"id":283,"value":[72,1],"description":"72"},"ResolutionUnit":{"id":296,"value":2,"description":"inches"},"JPEGInterchangeFormat":{"id":513,"value":274,"description":274},"JPEGInterchangeFormatLength":{"id":514,"value":1212,"description":1212},"type":"image/jpeg","image":"ehGABOn4oHcqOdsRmvWxp6Ma7Zg=","base64":"ZWhHQUJPbjRvSGNxT2RzUm12V3hwNk1hN1pnPQ=="},"exif":{"XResolution":{"id":282,"value":"72, 1","description":"72"},"YResolution":{"id":283,"value":"72, 1","description":"72"},"ResolutionUnit":{"id":296,"value":2,"description":"inches"},"YCbCrPositioning":{"id":531,"value":1,"description":"centered"},"Exif IFD Pointer":{"id":34665,"value":90,"description":90},"ExifVersion":{"id":36864,"value":"48, 50, 51, 50","description":"0232"},"ComponentsConfiguration":{"id":37121,"value":"1, 2, 3, 0","description":""},"FlashpixVersion":{"id":40960,"value":"48, 49, 48, 48","description":"0100"},"ColorSpace":{"id":40961,"value":65535,"description":"Uncalibrated"},"LensModel":{"id":42036,"value":"EF24-105mm f/4L IS USM","description":"EF24-105mm f/4L IS USM"}}}}