{"combined":{"about":{"value":"","attributes":{},"description":""},"format":{"value":"image/png","attributes":{},"description":"image/png"},"Image Width":{"value":14,"description":"14px"},"Image Height":{"value":12,"description":"12px"},"Bit Depth":{"value":8,"description":"8"},"Color Type":{"value":6,"description":"RGB with Alpha"},"Compression":{"value":0,"description":"Deflate/Inflate"},"Filter":{"value":0,"description":"Adaptive"},"Interlace":{"value":0,"description":"Noninterlaced"}},"expanded":{"xmp":{"about":{"value":"","attributes":{},"description":""},"format":{"value":"image/png","attributes":{},"description":"image/png"}},"pngFile":{"Image Width":{"value":14,"description":"14px"},"Image Height":{"value":12,"description":"12px"},"Bit Depth":{"value":8,"description":"8"},"Color Type":{"value":6,"description":"RGB with Alpha"},"Compression":{"value":0,"description":"Deflate/Inflate"},"Filter":{"value":0,"description":"Adaptive"},"Interlace":{"value":0,"description":"Noninterlaced"}}}}