{"combined":{"XResolution":{"id":282,"value":[72,1],"description":"72"},"YResolution":{"id":283,"value":[72,1],"description":"72"},"ResolutionUnit":{"id":296,"value":2,"description":"inches"},"YCbCrPositioning":{"id":531,"value":1,"description":"centered"},"Exif IFD Pointer":{"id":34665,"value":90,"description":90},"ExifVersion":{"id":36864,"value":[48,50,51,50],"description":"0232"},"ComponentsConfiguration":{"id":37121,"value":[1,2,3,0],"description":""},"FlashpixVersion":{"id":40960,"value":[48,49,48,48],"description":"0100"},"ColorSpace":{"id":40961,"value":65535,"description":"Uncalibrated"},"LensModel":{"value":"iPhone 7 back camera 3.99mm f/1.8","attributes":{},"description":"iPhone 7 back camera 3.99mm f/1.8"},"about":{"value":"","attributes":{},"description":""},"FileType":{"value":"heic","description":"HEIC"}},"expanded":{"exif":{"XResolution":{"id":282,"value":[72,1],"description":"72"},"YResolution":{"id":283,"value":[72,1],"description":"72"},"ResolutionUnit":{"id":296,"value":2,"description":"inches"},"YCbCrPositioning":{"id":531,"value":1,"description":"centered"},"Exif IFD Pointer":{"id":34665,"value":90,"description":90},"ExifVersion":{"id":36864,"value":[48,50,51,50],"description":"0232"},"ComponentsConfiguration":{"id":37121,"value":[1,2,3,0],"description":""},"FlashpixVersion":{"id":40960,"value":[48,49,48,48],"description":"0100"},"ColorSpace":{"id":40961,"value":65535,"description":"Uncalibrated"},"LensModel":{"id":42036,"value":["iPhone 7 back camera 3.99mm f/1.8"],"description":"iPhone 7 back camera 3.99mm f/1.8"}},"xmp":{"_raw":"<?xpacket begin='ï»¿' id='W5M0MpCehiHzreSzNTczkc9d'?>\n<x:xmpmeta xmlns:x='adobe:ns:meta/' x:xmptk='Image::ExifTool 11.65'>\n<rdf:RDF xmlns:rdf='http://www.w3.org/1999/02/22-rdf-syntax-ns#'>\n\n <rdf:Description rdf:about=''\n  xmlns:exifEX='http://cipa.jp/exif/1.0/'>\n  <exifEX:LensModel>iPhone 7 back camera 3.99mm f/1.8</exifEX:LensModel>\n </rdf:Description>\n</rdf:RDF>\n</x:xmpmeta>\n                                                                                                    \n                                                                                                    \n                                                                                                    \n                                                                                                    \n                                                                                                    \n                                                                                                    \n                                                                                                    \n                                                                                                    \n                                                                                                    \n                                                                                                    \n                                                                                                    \n                                                                                                    \n                                                                                                    \n                                                                                                    \n                                                                                                    \n                                                                                                    \n                                                                                                    \n                                                                                                    \n                                                                                                    \n                                                                                                    \n                                                                                                    \n                                                                                                    \n                                                                                                    \n                                                                                                    \n<?xpacket end='w'?>","about":{"value":"","attributes":{},"description":""},"LensModel":{"value":"iPhone 7 back camera 3.99mm f/1.8","attributes":{},"description":"iPhone 7 back camera 3.99mm f/1.8"}},"file":{"FileType":{"value":"heic","description":"HEIC"}}}}