{"combined":{"Bits Per Sample":{"value":8,"description":"8"},"Image Height":{"value":12,"description":"12px"},"Image Width":{"value":22,"description":"22px"},"Color Components":{"value":3,"description":"3"},"Subsampling":{"value":"1,17,0, 2,17,1, 3,17,1","description":"YCbCr4:4:4 (1 1)"},"XResolution":{"id":282,"value":"72, 1","description":"72"},"YResolution":{"id":283,"value":"72, 1","description":"72"},"ResolutionUnit":{"id":296,"value":2,"description":"inches"},"YCbCrPositioning":{"id":531,"value":1,"description":"centered"},"Exif IFD Pointer":{"id":34665,"value":90,"description":90},"ExifVersion":{"id":36864,"value":"48, 50, 51, 50","description":"0232"},"ComponentsConfiguration":{"id":37121,"value":"1, 2, 3, 0","description":""},"FlashpixVersion":{"id":40960,"value":"48, 49, 48, 48","description":"0100"},"ColorSpace":{"id":40961,"value":65535,"description":"Uncalibrated"},"LensModel":{"id":42036,"value":"EF24-105mm f/4L IS USM","description":"EF24-105mm f/4L IS USM"},"Thumbnail":{"Compression":{"id":259,"value":6,"description":6},"XResolution":{"id":282,"value":[72,1],"description":"72"},"YResolution":{"id":283,"value":[72,1],"description":"72"},"ResolutionUnit":{"id":296,"value":2,"description":"inches"},"JPEGInterchangeFormat":{"id":513,"value":274,"description":274},"JPEGInterchangeFormatLength":{"id":514,"value":1212,"description":1212},"type":"image/jpeg","image":"ehGABOn4oHcqOdsRmvWxp6Ma7Zg=","base64":"ZWhHQUJPbjRvSGNxT2RzUm12V3hwNk1hN1pnPQ=="},"Sub-location":{"id":604,"value":"77, 121, 32, 83, 117, 98, 108, 111, 99, 97, 116, 105, 111, 110","description":"My Sublocation"},"Record Version":{"id":512,"value":"0, 4","description":"4"},"about":{"value":"","attributes":{},"description":""},"AuthorsPosition":{"value":"Photographer","attributes":{},"description":"Photographer"},"Preferred CMM type":{"value":"Lino","description":"Lino"},"Profile Version":{"value":"2.1.0","description":"2.1.0"},"Profile/Device class":{"value":"mntr","description":"Display Device profile"},"Color Space":{"value":"RGB ","description":"RGB "},"Connection Space":{"value":"XYZ ","description":"XYZ "},"ICC Profile Date":{"value":"1998-02-09T06:49:00.000Z","description":"1998-02-09T06:49:00.000Z"},"ICC Signature":{"value":"acsp","description":"acsp"},"Primary Platform":{"value":"MSFT","description":"Microsoft"},"Device Manufacturer":{"value":"IEC ","description":"IEC "},"Device Model Number":{"value":"sRGB","description":"sRGB"},"Rendering Intent":{"value":0,"description":"Perceptual"},"Profile Creator":{"value":"HP  ","description":"HP  "},"ICC Copyright":{"value":"Copyright (c) 1998 Hewlett-Packard C","description":"Copyright (c) 1998 Hewlett-Packard C"},"ICC Description":{"value":"sRGB IEC61966-2.1","description":"sRGB IEC61966-2.1"},"ICC Device Manufacturer for Display":{"value":"IEC http://www.iec.ch","description":"IEC http://www.iec.ch"},"ICC Device Model Description":{"value":"IEC 61966-2.1 Default RGB colour space - sRGB","description":"IEC 61966-2.1 Default RGB colour space - sRGB"},"ICC Viewing Conditions Description":{"value":"Reference Viewing Condition in IEC61966-2.1","description":"Reference Viewing Condition in IEC61966-2.1"},"Technology":{"value":"CRT ","description":"CRT "}},"expanded":{"file":{"Bits Per Sample":{"value":8,"description":"8"},"Image Height":{"value":12,"description":"12px"},"Image Width":{"value":22,"description":"22px"},"Color Components":{"value":3,"description":"3"},"Subsampling":{"value":"1,17,0, 2,17,1, 3,17,1","description":"YCbCr4:4:4 (1 1)"}},"exif":{"XResolution":{"id":282,"value":"72, 1","description":"72"},"YResolution":{"id":283,"value":"72, 1","description":"72"},"ResolutionUnit":{"id":296,"value":2,"description":"inches"},"YCbCrPositioning":{"id":531,"value":1,"description":"centered"},"Exif IFD Pointer":{"id":34665,"value":90,"description":90},"ExifVersion":{"id":36864,"value":"48, 50, 51, 50","description":"0232"},"ComponentsConfiguration":{"id":37121,"value":"1, 2, 3, 0","description":""},"FlashpixVersion":{"id":40960,"value":"48, 49, 48, 48","description":"0100"},"ColorSpace":{"id":40961,"value":65535,"description":"Uncalibrated"},"LensModel":{"id":42036,"value":"EF24-105mm f/4L IS USM","description":"EF24-105mm f/4L IS USM"}},"Thumbnail":{"Compression":{"id":259,"value":6,"description":6},"XResolution":{"id":282,"value":[72,1],"description":"72"},"YResolution":{"id":283,"value":[72,1],"description":"72"},"ResolutionUnit":{"id":296,"value":2,"description":"inches"},"JPEGInterchangeFormat":{"id":513,"value":274,"description":274},"JPEGInterchangeFormatLength":{"id":514,"value":1212,"description":1212},"type":"image/jpeg","image":"ehGABOn4oHcqOdsRmvWxp6Ma7Zg=","base64":"ZWhHQUJPbjRvSGNxT2RzUm12V3hwNk1hN1pnPQ=="},"iptc":{"Sub-location":{"id":604,"value":"77, 121, 32, 83, 117, 98, 108, 111, 99, 97, 116, 105, 111, 110","description":"My Sublocation"},"Record Version":{"id":512,"value":"0, 4","description":"4"}},"xmp":{"about":{"value":"","attributes":{},"description":""},"AuthorsPosition":{"value":"Photographer","attributes":{},"description":"Photographer"}},"icc":{"Preferred CMM type":{"value":"Lino","description":"Lino"},"Profile Version":{"value":"2.1.0","description":"2.1.0"},"Profile/Device class":{"value":"mntr","description":"Display Device profile"},"Color Space":{"value":"RGB ","description":"RGB "},"Connection Space":{"value":"XYZ ","description":"XYZ "},"ICC Profile Date":{"value":"1998-02-09T06:49:00.000Z","description":"1998-02-09T06:49:00.000Z"},"ICC Signature":{"value":"acsp","description":"acsp"},"Primary Platform":{"value":"MSFT","description":"Microsoft"},"Device Manufacturer":{"value":"IEC ","description":"IEC "},"Device Model Number":{"value":"sRGB","description":"sRGB"},"Rendering Intent":{"value":0,"description":"Perceptual"},"Profile Creator":{"value":"HP  ","description":"HP  "},"ICC Copyright":{"value":"Copyright (c) 1998 Hewlett-Packard C","description":"Copyright (c) 1998 Hewlett-Packard C"},"ICC Description":{"value":"sRGB IEC61966-2.1","description":"sRGB IEC61966-2.1"},"ICC Device Manufacturer for Display":{"value":"IEC http://www.iec.ch","description":"IEC http://www.iec.ch"},"ICC Device Model Description":{"value":"IEC 61966-2.1 Default RGB colour space - sRGB","description":"IEC 61966-2.1 Default RGB colour space - sRGB"},"ICC Viewing Conditions Description":{"value":"Reference Viewing Condition in IEC61966-2.1","description":"Reference Viewing Condition in IEC61966-2.1"},"Technology":{"value":"CRT ","description":"CRT "}}}}